// Jest Snapshot v1, https://goo.gl/fbAQLP

exports[`Location 渡されたobjの数分表示される 1`] = `
<DocumentFragment>
  <div
    class="flex justify-center items-center"
  >
    <h1
      class="t-under-border text-green-600 mt-5 mx-auto"
    >
      Location
    </h1>
  </div>
  <ul
    class="mt-10 mx-auto relative"
  >
    <div>
      PhotoContainerコンポーネント
    </div>
    <div>
      PhotoContainerコンポーネント
    </div>
  </ul>
</DocumentFragment>
`;
